node.exe : 2026-02-27T11:39:51.468Z vite:config bundled config file loaded in 88.48ms
위치 줄:1 문자:1
+ & "C:\Program Files\nodejs/node.exe" "C:\Program Files\nodejs/node_mo ...
+ ~~~~~~~~~~~~~~~~~~~~~~~~~~~~~~~~~~~~~~~~~~~~~~~~~~~~~~~~~~~~~~~~~~~~~
    + CategoryInfo          : NotSpecified: (2026-02-27T11:3...aded in 88.48ms:String) [], RemoteException
    + FullyQualifiedErrorId : NativeCommandError
 
2026-02-27T11:39:51.503Z vite:config using resolved config: {
  plugins: [
    'vite:build-metadata',
    'vite:watch-package-data',
    'vite:pre-alias',
    'alias',
    'vite:react-babel',
    'vite:react-refresh',
    'vite:modulepreload-polyfill',
    'vite:resolve',
    'vite:html-inline-proxy',
    'vite:css',
    'vite:esbuild',
    'vite:json',
    'vite:wasm-helper',
    'vite:worker',
    'vite:asset',
    'vite:wasm-fallback',
    'vite:define',
    'vite:css-post',
    'vite:build-html',
    'vite:worker-import-meta-url',
    'vite:asset-import-meta-url',
    'vite:force-systemjs-wrap-complete',
    'commonjs',
    'vite:data-uri',
    'vite:dynamic-import-vars',
    'vite:import-glob',
    'vite:build-import-analysis',
    'vite:esbuild-transpile',
    'vite:terser',
    'vite:reporter',
    'vite:load-fallback'
  ],
  base: '/sales-dashboard/',
  build: {
    target: [ 'es2020', 'edge88', 'firefox78', 'chrome87', 'safari14' ],
    cssTarget: [ 'es2020', 'edge88', 'firefox78', 'chrome87', 'safari14' ],
    outDir: 'dist',
    assetsDir: 'assets',
    assetsInlineLimit: 4096,
    cssCodeSplit: true,
    sourcemap: false,
    rollupOptions: { onwarn: [Function: onwarn] },
    minify: 'esbuild',
    terserOptions: {},
    write: true,
    emptyOutDir: null,
    copyPublicDir: true,
    manifest: false,
    lib: false,
    ssr: false,
    ssrManifest: false,
    ssrEmitAssets: false,
    reportCompressedSize: true,
    chunkSizeWarningLimit: 500,
    watch: null,
    commonjsOptions: { include: [Array], extensions: [Array] },
    dynamicImportVarsOptions: { warnOnError: true, exclude: [Array] },
    modulePreload: { polyfill: true },
    cssMinify: true
  },
  esbuild: { jsxDev: false, jsx: 'automatic', jsxImportSource: undefined },
  optimizeDeps: {
    holdUntilCrawlEnd: true,
    esbuildOptions: { preserveSymlinks: false, jsx: 'automatic' },
    include: [
      'react',
      'react-dom',
      'react/jsx-dev-runtime',
      'react/jsx-runtime'
    ]
  },
  resolve: {
    mainFields: [ 'browser', 'module', 'jsnext:main', 'jsnext' ],
    conditions: [],
    extensions: [
      '.mjs',  '.js',
      '.mts',  '.ts',
      '.jsx',  '.tsx',
      '.json'
    ],
    dedupe: [ 'react', 'react-dom' ],
    preserveSymlinks: false,
    alias: [ [Object], [Object] ]
  },
  configFile: 'C:/Users/duri0/Desktop/???대뜑 (2)/vite.config.js',
  configFileDependencies: [ 'C:/Users/duri0/Desktop/???대뜑 (2)/vite.config.js' ],
  inlineConfig: {
    root: undefined,
    base: undefined,
    mode: undefined,
    configFile: undefined,
    logLevel: undefined,
    clearScreen: undefined,
    build: {}
  },
  root: 'C:/Users/duri0/Desktop/???대뜑 (2)',
  decodedBase: '/sales-dashboard/',
  rawBase: '/sales-dashboard/',
  publicDir: 'C:/Users/duri0/Desktop/???대뜑 (2)/public',
  cacheDir: 'C:/Users/duri0/Desktop/???대뜑 (2)/node_modules/.vite',
  command: 'build',
  mode: 'production',
  ssr: {
    target: 'node',
    optimizeDeps: { noDiscovery: true, esbuildOptions: [Object] }
  },
  isWorker: false,
  mainConfig: null,
  bundleChain: [],
  isProduction: true,
  css: { lightningcss: undefined },
  server: {
    preTransformRequests: true,
    sourcemapIgnoreList: [Function: isInNodeModules$1],
    middlewareMode: false,
    fs: {
      strict: true,
      allow: [Array],
      deny: [Array],
      cachedChecks: undefined
    }
  },
  preview: {
    port: undefined,
    strictPort: undefined,
    host: undefined,
    allowedHosts: undefined,
    https: undefined,
    open: undefined,
    proxy: undefined,
    cors: undefined,
    headers: undefined
  },
  envDir: 'C:/Users/duri0/Desktop/???대뜑 (2)',
  env: {
    BASE_URL: '/sales-dashboard/',
[36mvite v5.4.21 [32mbuilding for production...[36m[39m
    MODE: 'production',
    DEV: false,
    PROD: true
  },
  assetsInclude: [Function: assetsInclude],
  logger: {
    hasWarned: false,
    info: [Function: info],
    warn: [Function: warn],
    warnOnce: [Function: warnOnce],
    error: [Function: error],
    clearScreen: [Function: clearScreen],
    hasErrorLogged: [Function: hasErrorLogged]
  },
  packageCache: Map(1) {
    'fnpd_C:/Users/duri0/Desktop/???대뜑 (2)' => {
      dir: 'C:/Users/duri0/Desktop/???대뜑 (2)',
      data: [Object],
      hasSideEffects: [Function: hasSideEffects],
      webResolvedImports: {},
      nodeResolvedImports: {},
      setResolvedCache: [Function: setResolvedCache],
      getResolvedCache: [Function: getResolvedCache]
    },
    set: [Function (anonymous)]
  },
  createResolver: [Function: createResolver],
  worker: { format: 'iife', plugins: '() => plugins', rollupOptions: {} },
  appType: 'spa',
  experimental: { importGlobRestoreExtension: false, hmrPartialAccept: false },
  webSocketToken: 'cPI_6U4jzPri',
  additionalAllowedHosts: [],
  getSortedPlugins: [Function: getSortedPlugins],
  getSortedPluginHooks: [Function: getSortedPluginHooks]
}
transforming...
[32m??[39m 2526 modules transformed.
